
> theantamil-amuthu-novels@1.0.0 type-check
> tsc --noEmit

src/components/admin/StatCard/StatCard.tsx(2,10): error TS2305: Module '"../../../types"' has no exported member 'StatCardProps'.
src/components/layout/Header/Header.tsx(26,14): error TS7053: Element implicitly has an 'any' type because expression of type 'Language' can't be used to index type '{ tamil: { header: { search: string; home: string; contact: string; about: string; }; chapter: { loading: string; back: string; notFound: string; comingSoon: string; previous: string; next: string; }; }; english: { ...; }; }'.
src/config/novelConfig.ts(54,32): error TS7006: Parameter 'novelId' implicitly has an 'any' type.
src/config/novelConfig.ts(63,34): error TS7006: Parameter 'novelId' implicitly has an 'any' type.
src/config/novelConfig.ts(74,32): error TS7006: Parameter 'novelId' implicitly has an 'any' type.
src/config/novelConfig.ts(74,41): error TS7006: Parameter 'chapterId' implicitly has an 'any' type.
src/context/LanguageContext.tsx(2,10): error TS2305: Module '"../types"' has no exported member 'Language'.
src/pages/Admin/ChapterManagement/ChapterEdit.tsx(44,45): error TS2345: Argument of type 'string | undefined' is not assignable to parameter of type 'string | number'.
  Type 'undefined' is not assignable to type 'string | number'.
src/pages/Admin/ChapterManagement/ChapterEdit.tsx(88,44): error TS2345: Argument of type 'string | undefined' is not assignable to parameter of type 'string | number'.
  Type 'undefined' is not assignable to type 'string | number'.
src/pages/Admin/NovelManagement/NovelEdit.tsx(53,48): error TS2345: Argument of type 'string | undefined' is not assignable to parameter of type 'string | number'.
  Type 'undefined' is not assignable to type 'string | number'.
src/pages/Admin/NovelManagement/NovelEdit.tsx(112,42): error TS2345: Argument of type 'string | undefined' is not assignable to parameter of type 'string | number'.
  Type 'undefined' is not assignable to type 'string | number'.
src/pages/NovelDetailPage/NovelDetailPageAPI.tsx(252,51): error TS2345: Argument of type 'string | undefined' is not assignable to parameter of type 'string'.
  Type 'undefined' is not assignable to type 'string'.
src/pages/NovelsPage/NovelsPage.tsx(9,32): error TS2307: Cannot find module 'vue' or its corresponding type declarations.
src/pages/NovelsPage/NovelsPageAPI.tsx(32,13): error TS7053: Element implicitly has an 'any' type because expression of type 'Language' can't be used to index type '{ tamil: { header: { search: string; home: string; contact: string; about: string; }; chapter: { loading: string; back: string; notFound: string; comingSoon: string; previous: string; next: string; }; }; english: { ...; }; }'.
